// Jest Snapshot v1, https://goo.gl/fbAQLP

exports[`Smoke app renders without crashing 1`] = `
ShallowWrapper {
  Symbol(enzyme.__root__): [Circular],
  Symbol(enzyme.__unrendered__): <App />,
  Symbol(enzyme.__renderer__): Object {
    "batchedUpdates": [Function],
    "getNode": [Function],
    "render": [Function],
    "simulateError": [Function],
    "simulateEvent": [Function],
    "unmount": [Function],
  },
  Symbol(enzyme.__node__): Object {
    "instance": null,
    "key": undefined,
    "nodeType": "class",
    "props": Object {
      "children": Array [
        <Planet
          description="It is not broken. Just veeeery slow ;)"
          hour={5}
          minute={24}
          second={12}
          secondDuration={58666}
          title="Mercury"
/>,
        <Planet
          description="It is not broken. Just veeeery slow ;)"
          hour={5}
          minute={24}
          second={12}
          secondDuration={243000}
          title="Venus"
/>,
        <Planet
          hour={12}
          minute={35}
          second={3}
          secondDuration={1000}
          title="Earth"
/>,
        <Planet
          hour={5}
          minute={24}
          second={12}
          secondDuration={1042}
          title="Mars"
/>,
        <Planet
          hour={5}
          minute={24}
          second={12}
          secondDuration={417}
          title="Jupiter"
/>,
        <Planet
          hour={5}
          minute={24}
          second={12}
          secondDuration={458}
          title="Saturn"
/>,
        <Planet
          hour={5}
          minute={24}
          second={12}
          secondDuration={708}
          title="Uranus"
/>,
        <Planet
          hour={5}
          minute={24}
          second={12}
          secondDuration={667}
          title="Neptune"
/>,
      ],
    },
    "ref": null,
    "rendered": Array [
      Object {
        "instance": null,
        "key": "0",
        "nodeType": "class",
        "props": Object {
          "description": "It is not broken. Just veeeery slow ;)",
          "hour": 5,
          "minute": 24,
          "second": 12,
          "secondDuration": 58666,
          "title": "Mercury",
        },
        "ref": null,
        "rendered": null,
        "type": [Function],
      },
      Object {
        "instance": null,
        "key": "1",
        "nodeType": "class",
        "props": Object {
          "description": "It is not broken. Just veeeery slow ;)",
          "hour": 5,
          "minute": 24,
          "second": 12,
          "secondDuration": 243000,
          "title": "Venus",
        },
        "ref": null,
        "rendered": null,
        "type": [Function],
      },
      Object {
        "instance": null,
        "key": "2",
        "nodeType": "class",
        "props": Object {
          "hour": 12,
          "minute": 35,
          "second": 3,
          "secondDuration": 1000,
          "title": "Earth",
        },
        "ref": null,
        "rendered": null,
        "type": [Function],
      },
      Object {
        "instance": null,
        "key": "3",
        "nodeType": "class",
        "props": Object {
          "hour": 5,
          "minute": 24,
          "second": 12,
          "secondDuration": 1042,
          "title": "Mars",
        },
        "ref": null,
        "rendered": null,
        "type": [Function],
      },
      Object {
        "instance": null,
        "key": "4",
        "nodeType": "class",
        "props": Object {
          "hour": 5,
          "minute": 24,
          "second": 12,
          "secondDuration": 417,
          "title": "Jupiter",
        },
        "ref": null,
        "rendered": null,
        "type": [Function],
      },
      Object {
        "instance": null,
        "key": "5",
        "nodeType": "class",
        "props": Object {
          "hour": 5,
          "minute": 24,
          "second": 12,
          "secondDuration": 458,
          "title": "Saturn",
        },
        "ref": null,
        "rendered": null,
        "type": [Function],
      },
      Object {
        "instance": null,
        "key": "6",
        "nodeType": "class",
        "props": Object {
          "hour": 5,
          "minute": 24,
          "second": 12,
          "secondDuration": 708,
          "title": "Uranus",
        },
        "ref": null,
        "rendered": null,
        "type": [Function],
      },
      Object {
        "instance": null,
        "key": "7",
        "nodeType": "class",
        "props": Object {
          "hour": 5,
          "minute": 24,
          "second": 12,
          "secondDuration": 667,
          "title": "Neptune",
        },
        "ref": null,
        "rendered": null,
        "type": [Function],
      },
    ],
    "type": [Function],
  },
  Symbol(enzyme.__nodes__): Array [
    Object {
      "instance": null,
      "key": undefined,
      "nodeType": "class",
      "props": Object {
        "children": Array [
          <Planet
            description="It is not broken. Just veeeery slow ;)"
            hour={5}
            minute={24}
            second={12}
            secondDuration={58666}
            title="Mercury"
/>,
          <Planet
            description="It is not broken. Just veeeery slow ;)"
            hour={5}
            minute={24}
            second={12}
            secondDuration={243000}
            title="Venus"
/>,
          <Planet
            hour={12}
            minute={35}
            second={3}
            secondDuration={1000}
            title="Earth"
/>,
          <Planet
            hour={5}
            minute={24}
            second={12}
            secondDuration={1042}
            title="Mars"
/>,
          <Planet
            hour={5}
            minute={24}
            second={12}
            secondDuration={417}
            title="Jupiter"
/>,
          <Planet
            hour={5}
            minute={24}
            second={12}
            secondDuration={458}
            title="Saturn"
/>,
          <Planet
            hour={5}
            minute={24}
            second={12}
            secondDuration={708}
            title="Uranus"
/>,
          <Planet
            hour={5}
            minute={24}
            second={12}
            secondDuration={667}
            title="Neptune"
/>,
        ],
      },
      "ref": null,
      "rendered": Array [
        Object {
          "instance": null,
          "key": "0",
          "nodeType": "class",
          "props": Object {
            "description": "It is not broken. Just veeeery slow ;)",
            "hour": 5,
            "minute": 24,
            "second": 12,
            "secondDuration": 58666,
            "title": "Mercury",
          },
          "ref": null,
          "rendered": null,
          "type": [Function],
        },
        Object {
          "instance": null,
          "key": "1",
          "nodeType": "class",
          "props": Object {
            "description": "It is not broken. Just veeeery slow ;)",
            "hour": 5,
            "minute": 24,
            "second": 12,
            "secondDuration": 243000,
            "title": "Venus",
          },
          "ref": null,
          "rendered": null,
          "type": [Function],
        },
        Object {
          "instance": null,
          "key": "2",
          "nodeType": "class",
          "props": Object {
            "hour": 12,
            "minute": 35,
            "second": 3,
            "secondDuration": 1000,
            "title": "Earth",
          },
          "ref": null,
          "rendered": null,
          "type": [Function],
        },
        Object {
          "instance": null,
          "key": "3",
          "nodeType": "class",
          "props": Object {
            "hour": 5,
            "minute": 24,
            "second": 12,
            "secondDuration": 1042,
            "title": "Mars",
          },
          "ref": null,
          "rendered": null,
          "type": [Function],
        },
        Object {
          "instance": null,
          "key": "4",
          "nodeType": "class",
          "props": Object {
            "hour": 5,
            "minute": 24,
            "second": 12,
            "secondDuration": 417,
            "title": "Jupiter",
          },
          "ref": null,
          "rendered": null,
          "type": [Function],
        },
        Object {
          "instance": null,
          "key": "5",
          "nodeType": "class",
          "props": Object {
            "hour": 5,
            "minute": 24,
            "second": 12,
            "secondDuration": 458,
            "title": "Saturn",
          },
          "ref": null,
          "rendered": null,
          "type": [Function],
        },
        Object {
          "instance": null,
          "key": "6",
          "nodeType": "class",
          "props": Object {
            "hour": 5,
            "minute": 24,
            "second": 12,
            "secondDuration": 708,
            "title": "Uranus",
          },
          "ref": null,
          "rendered": null,
          "type": [Function],
        },
        Object {
          "instance": null,
          "key": "7",
          "nodeType": "class",
          "props": Object {
            "hour": 5,
            "minute": 24,
            "second": 12,
            "secondDuration": 667,
            "title": "Neptune",
          },
          "ref": null,
          "rendered": null,
          "type": [Function],
        },
      ],
      "type": [Function],
    },
  ],
  Symbol(enzyme.__options__): Object {
    "adapter": ReactSixteenAdapter {
      "options": Object {
        "enableComponentDidUpdateOnSetState": true,
        "lifecycles": Object {
          "componentDidUpdate": Object {
            "onSetState": true,
          },
          "getDerivedStateFromProps": true,
          "getSnapshotBeforeUpdate": true,
          "setState": Object {
            "skipsComponentDidUpdateOnNullish": true,
          },
        },
      },
    },
  },
}
`;
